// Jest Snapshot v1, https://goo.gl/fbAQLP

exports[`History should take a snapshot with login 1`] = `
<DocumentFragment>
  <div>
    <div
      class="ant-row ant-row-center"
    >
      <div
        class="ant-col ant-col-20"
      >
        <div
          class="ant-row"
          style="margin-top: 1rem;"
        >
          <div
            class="ant-col ant-col-6"
          >
            Choose date history
          </div>
          <div
            class="ant-col ant-col-18"
          >
            <div
              class="ant-picker"
            >
              <div
                class="ant-picker-input"
              >
                <input
                  placeholder="Select date"
                  readonly=""
                  size="12"
                  title="2020/04/29"
                  value="2020/04/29"
                />
                <span
                  class="ant-picker-suffix"
                >
                  <span
                    aria-label="calendar"
                    class="anticon anticon-calendar"
                    role="img"
                  >
                    <svg
                      aria-hidden="true"
                      class=""
                      data-icon="calendar"
                      fill="currentColor"
                      focusable="false"
                      height="1em"
                      viewBox="64 64 896 896"
                      width="1em"
                    >
                      <path
                        d="M880 184H712v-64c0-4.4-3.6-8-8-8h-56c-4.4 0-8 3.6-8 8v64H384v-64c0-4.4-3.6-8-8-8h-56c-4.4 0-8 3.6-8 8v64H144c-17.7 0-32 14.3-32 32v664c0 17.7 14.3 32 32 32h736c17.7 0 32-14.3 32-32V216c0-17.7-14.3-32-32-32zm-40 656H184V460h656v380zM184 392V256h128v48c0 4.4 3.6 8 8 8h56c4.4 0 8-3.6 8-8v-48h256v48c0 4.4 3.6 8 8 8h56c4.4 0 8-3.6 8-8v-48h128v136H184z"
                      />
                    </svg>
                  </span>
                </span>
                <span
                  class="ant-picker-clear"
                >
                  <span
                    aria-label="close-circle"
                    class="anticon anticon-close-circle"
                    role="img"
                  >
                    <svg
                      aria-hidden="true"
                      class=""
                      data-icon="close-circle"
                      fill="currentColor"
                      focusable="false"
                      height="1em"
                      viewBox="64 64 896 896"
                      width="1em"
                    >
                      <path
                        d="M512 64C264.6 64 64 264.6 64 512s200.6 448 448 448 448-200.6 448-448S759.4 64 512 64zm165.4 618.2l-66-.3L512 563.4l-99.3 118.4-66.1.3c-4.4 0-8-3.5-8-8 0-1.9.7-3.7 1.9-5.2l130.1-155L340.5 359a8.32 8.32 0 01-1.9-5.2c0-4.4 3.6-8 8-8l66.1.3L512 464.6l99.3-118.4 66-.3c4.4 0 8 3.5 8 8 0 1.9-.7 3.7-1.9 5.2L553.5 514l130 155c1.2 1.5 1.9 3.3 1.9 5.2 0 4.4-3.6 8-8 8z"
                      />
                    </svg>
                  </span>
                </span>
              </div>
            </div>
          </div>
        </div>
        <div
          class="ant-divider ant-divider-horizontal ant-divider-with-text-center"
          role="separator"
        >
          <span
            class="ant-divider-inner-text"
          >
            Your history
          </span>
        </div>
        <div
          class="ant-collapse ant-collapse-icon-position-left"
        >
          <div
            class="ant-collapse-item day-header"
          >
            <div
              aria-expanded="false"
              class="ant-collapse-header"
              role="button"
              tabindex="0"
            >
              <span
                aria-label="right"
                class="anticon anticon-right ant-collapse-arrow"
                role="img"
              >
                <svg
                  aria-hidden="true"
                  class=""
                  data-icon="right"
                  fill="currentColor"
                  focusable="false"
                  height="1em"
                  viewBox="64 64 896 896"
                  width="1em"
                >
                  <path
                    d="M765.7 486.8L314.9 134.7A7.97 7.97 0 00302 141v77.3c0 4.9 2.3 9.6 6.1 12.6l360 281.1-360 281.1c-3.9 3-6.1 7.7-6.1 12.6V883c0 6.7 7.7 10.4 12.9 6.3l450.8-352.1a31.96 31.96 0 000-50.4z"
                  />
                </svg>
              </span>
              2020/04/28
            </div>
          </div>
        </div>
      </div>
    </div>
  </div>
</DocumentFragment>
`;

exports[`History should take a snapshot without login 1`] = `
<DocumentFragment>
  <div>
    <h1>
      You need to login to see this feature
    </h1>
  </div>
</DocumentFragment>
`;
